// Jest Snapshot v1, https://goo.gl/fbAQLP

exports[`App component renders App 1`] = `
<BrowserRouter>
  <Header />
  <SessionProvider>
    <Switch>
      <Route
        component={[Function]}
        exact={true}
        path="/"
      />
      <Route
        component={[Function]}
        path="/about"
      />
      <Route
        component={[Function]}
        path="/userauth"
      />
    </Switch>
  </SessionProvider>
  <Footer />
</BrowserRouter>
`;
